                                      1 ;--------------------------------------------------------
                                      2 ; File Created by SDCC : free open source ANSI-C Compiler
                                      3 ; Version 4.0.0 #11528 (Linux)
                                      4 ;--------------------------------------------------------
                                      5 	.module blinky
                                      6 	.optsdcc -mstm8
                                      7 	
                                      8 ;--------------------------------------------------------
                                      9 ; Public variables in this module
                                     10 ;--------------------------------------------------------
                                     11 	.globl _main
                                     12 	.globl _rand
                                     13 ;--------------------------------------------------------
                                     14 ; ram data
                                     15 ;--------------------------------------------------------
                                     16 	.area DATA
                                     17 ;--------------------------------------------------------
                                     18 ; ram data
                                     19 ;--------------------------------------------------------
                                     20 	.area INITIALIZED
                                     21 ;--------------------------------------------------------
                                     22 ; Stack segment in internal ram 
                                     23 ;--------------------------------------------------------
                                     24 	.area	SSEG
      000000                         25 __start__stack:
      000000                         26 	.ds	1
                                     27 
                                     28 ;--------------------------------------------------------
                                     29 ; absolute external ram data
                                     30 ;--------------------------------------------------------
                                     31 	.area DABS (ABS)
                                     32 
                                     33 ; default segment ordering for linker
                                     34 	.area HOME
                                     35 	.area GSINIT
                                     36 	.area GSFINAL
                                     37 	.area CONST
                                     38 	.area INITIALIZER
                                     39 	.area CODE
                                     40 
                                     41 ;--------------------------------------------------------
                                     42 ; interrupt vector 
                                     43 ;--------------------------------------------------------
                                     44 	.area HOME
      000000                         45 __interrupt_vect:
      000000 82v00u00u00             46 	int s_GSINIT ; reset
                                     47 ;--------------------------------------------------------
                                     48 ; global & static initialisations
                                     49 ;--------------------------------------------------------
                                     50 	.area HOME
                                     51 	.area GSINIT
                                     52 	.area GSFINAL
                                     53 	.area GSINIT
      000000                         54 __sdcc_gs_init_startup:
      000000                         55 __sdcc_init_data:
                                     56 ; stm8_genXINIT() start
      000000 AEr00r00         [ 2]   57 	ldw x, #l_DATA
      000003 27 07            [ 1]   58 	jreq	00002$
      000005                         59 00001$:
      000005 72 4FuFFuFF      [ 1]   60 	clr (s_DATA - 1, x)
      000009 5A               [ 2]   61 	decw x
      00000A 26 F9            [ 1]   62 	jrne	00001$
      00000C                         63 00002$:
      00000C AEr00r00         [ 2]   64 	ldw	x, #l_INITIALIZER
      00000F 27 09            [ 1]   65 	jreq	00004$
      000011                         66 00003$:
      000011 D6uFFuFF         [ 1]   67 	ld	a, (s_INITIALIZER - 1, x)
      000014 D7uFFuFF         [ 1]   68 	ld	(s_INITIALIZED - 1, x), a
      000017 5A               [ 2]   69 	decw	x
      000018 26 F7            [ 1]   70 	jrne	00003$
      00001A                         71 00004$:
                                     72 ; stm8_genXINIT() end
                                     73 	.area GSFINAL
      000000 CCr00r04         [ 2]   74 	jp	__sdcc_program_startup
                                     75 ;--------------------------------------------------------
                                     76 ; Home
                                     77 ;--------------------------------------------------------
                                     78 	.area HOME
                                     79 	.area HOME
      000004                         80 __sdcc_program_startup:
      000004 CCr00r00         [ 2]   81 	jp	_main
                                     82 ;	return from main will return to caller
                                     83 ;--------------------------------------------------------
                                     84 ; code
                                     85 ;--------------------------------------------------------
                                     86 	.area CODE
                                     87 ;	blinky.c: 6: int main() {
                                     88 ;	-----------------------------------------
                                     89 ;	 function main
                                     90 ;	-----------------------------------------
      000000                         91 _main:
      000000 52 08            [ 2]   92 	sub	sp, #8
                                     93 ;	blinky.c: 7: unsigned int d=0;
      000002 5F               [ 1]   94 	clrw	x
      000003 1F 07            [ 2]   95 	ldw	(0x07, sp), x
                                     96 ;	blinky.c: 11: PB_DDR = 0x20; /* 0b 0010 0000 */
      000005 35 20 50 07      [ 1]   97 	mov	0x5007+0, #0x20
                                     98 ;	blinky.c: 12: PB_CR1 = 0x20; /* 0b 0010 0000 */
      000009 35 20 50 08      [ 1]   99 	mov	0x5008+0, #0x20
                                    100 ;	blinky.c: 15: do {
      00000D                        101 00105$:
                                    102 ;	blinky.c: 16: PB_ODR ^= 0x20;
      00000D C6 50 05         [ 1]  103 	ld	a, 0x5005
      000010 5F               [ 1]  104 	clrw	x
      000011 A8 20            [ 1]  105 	xor	a, #0x20
      000013 C7 50 05         [ 1]  106 	ld	0x5005, a
                                    107 ;	blinky.c: 18: do{
      000016                        108 00101$:
                                    109 ;	blinky.c: 19: randomNumber = rand();
      000016 CDr00r00         [ 4]  110 	call	_rand
      000019 9E               [ 1]  111 	ld	a, xh
      00001A 90 5F            [ 1]  112 	clrw	y
      00001C 4D               [ 1]  113 	tnz	a
      00001D 2A 02            [ 1]  114 	jrpl	00138$
      00001F 90 5A            [ 2]  115 	decw	y
      000021                        116 00138$:
      000021 41               [ 1]  117 	exg	a, xl
      000022 6B 04            [ 1]  118 	ld	(0x04, sp), a
      000024 41               [ 1]  119 	exg	a, xl
      000025 6B 03            [ 1]  120 	ld	(0x03, sp), a
      000027 17 01            [ 2]  121 	ldw	(0x01, sp), y
                                    122 ;	blinky.c: 20: } while (randomNumber < 15000);
      000029 1E 03            [ 2]  123 	ldw	x, (0x03, sp)
      00002B A3 3A 98         [ 2]  124 	cpw	x, #0x3a98
      00002E 7B 02            [ 1]  125 	ld	a, (0x02, sp)
      000030 A2 00            [ 1]  126 	sbc	a, #0x00
      000032 7B 01            [ 1]  127 	ld	a, (0x01, sp)
      000034 A2 00            [ 1]  128 	sbc	a, #0x00
      000036 25 DE            [ 1]  129 	jrc	00101$
      000038 16 07            [ 2]  130 	ldw	y, (0x07, sp)
      00003A                        131 00109$:
                                    132 ;	blinky.c: 22: for(; d < randomNumber; d++) {;}
      00003A 93               [ 1]  133 	ldw	x, y
      00003B 0F 06            [ 1]  134 	clr	(0x06, sp)
      00003D 0F 05            [ 1]  135 	clr	(0x05, sp)
      00003F 13 03            [ 2]  136 	cpw	x, (0x03, sp)
      000041 7B 06            [ 1]  137 	ld	a, (0x06, sp)
      000043 12 02            [ 1]  138 	sbc	a, (0x02, sp)
      000045 7B 05            [ 1]  139 	ld	a, (0x05, sp)
      000047 12 01            [ 1]  140 	sbc	a, (0x01, sp)
      000049 24 04            [ 1]  141 	jrnc	00104$
      00004B 90 5C            [ 1]  142 	incw	y
      00004D 20 EB            [ 2]  143 	jra	00109$
      00004F                        144 00104$:
                                    145 ;	blinky.c: 24: d = 0;
      00004F 5F               [ 1]  146 	clrw	x
      000050 1F 07            [ 2]  147 	ldw	(0x07, sp), x
                                    148 ;	blinky.c: 25: } while(1);
      000052 20 B9            [ 2]  149 	jra	00105$
                                    150 ;	blinky.c: 26: }
      000054 5B 08            [ 2]  151 	addw	sp, #8
      000056 81               [ 4]  152 	ret
                                    153 	.area CODE
                                    154 	.area CONST
                                    155 	.area INITIALIZER
                                    156 	.area CABS (ABS)
